eeschema (2011-01-22 BZR 2754)-stable  >> Creation date: 05/04/2011 21:43:24

#Cmp ( order = Reference )
| C1         0.1uF       
| C2         .1uF        
| C3         .1uF        
| C4         .1uF        
| C5         22pF        
| C6         .1uF        
| C7         3.3nF       
| C8         330pF       
| C9         22pF        
| C10        .1uF        
| C11        100nF       
| C12        0.1uF       
| C13        33nF        
| C14        0.1uF       
| C15        0.1uF       
| C16        0.1uF       
| C17        0.1uF       
| C18        1nF         
| C19        0.1uF       
| C20        1nF         
| C21        1uF         
| C22        .01uF       
| C23        1uF         
| C24        .01uF       
| C25        .1uF        
| C26        22nF        
| C27        22nF        
| C28        100nf       
| C29        100nf       
| C30        100nf       
| C31        100nf       
| C32        1.5nF       
| C33        1.5nF       
| C34        33nF        
| C35        1.5nF       
| C36        1.5nF       
| C37        33nF        
| C38        1uF         
| C39        .01uF       
| C40        1uF         
| C41        .01uF       
| C42        1uF         
| C43        .01uF       
| C44        1uF         
| C45        .01uF       
| C46        1uF         
| C47        .01uF       
| C48        1uF         
| C49        .01uF       
| C50        10uF        
| C51        .1uF        
| C52        22uF        
| C53        .1uF        
| C54        10uF        
| C55        .1uF        
| C56        22uF        
| C57        2200uF      
| C58        .1uF        
| C59        .1uF        
| C60        .01uF       
| C61        470pF       
| C62        .1uF        
| C63        33nF        
| C64        1.5nF       
| C65        100nf       
| C66        100nf       
| C67        100nf       
| C68        100nf       
| C69        100nf       
| C70        100nf       
| C71        100nf       
| C72        100nf       
| C73        10pF        
| C74        10pF        
| C75        10pF        
| C76        1.5nF       
| C77        1.5nF       
| C78        33nF        
| C79        1.5nF       
| C80        1.5nF       
| C81        33nF        
| D1         5.1v        
| D2         5.1v        
| D3         5.1v        
| D4         5.1v        
| D5         5.1v        
| D6         5.1v        
| D7         5.1v        
| D8         5.1v        
| D9         5.1v        
| D10        5.1v        
| D11        5.1v        
| D12        5.1v        
| D13        LED         
| D14        LED         
| D15        LED         
| D16        33v 5w      
| D17        LED         
| D18        33v 5w      
| D19        1N4148      
| D20        SCHOTTKY    
| D21        1N4148      
| D22        SCHOTTKY    
| D23        1N4148      
| D24        SCHOTTKY    
| D25        1N4148      
| D26        SCHOTTKY    
| D27        LED         
| D28        33v 5w      
| D29        LED         
| D30        33v 5w      
| D31        LED         
| D32        33v 5w      
| D33        LED         
| D34        33v 5w      
| D35        LED         
| D36        33v 5w      
| D37        LED         
| D38        33v 5w      
| D39        1N4148      
| D40        1N4007      
| D41        1N4007      
| D42        1N4007      
| D43        LED         
| D44        5V1         
| D45        5V1         
| D46        5V1         
| D47        5V1         
| D48        LED         
| D49        DIODE       
| D50        LED         
| D51        DIODE       
| D52        LED         
| D53        DIODE       
| D54        LED         
| D55        DIODE       
| D56        5V1         
| D57        5V1         
| D58        1N4148      
| D59        SCHOTTKY    
| D60        1N4148      
| D61        SCHOTTKY    
| D62        1N4148      
| D63        SCHOTTKY    
| D64        1N4148      
| D65        SCHOTTKY    
| D66        1N4148      
| D67        SCHOTTKY    
| D68        1N4148      
| D69        SCHOTTKY    
| D70        1N4148      
| D71        SCHOTTKY    
| D72        1N4148      
| D73        SCHOTTKY    
| D74        LED         
| D75        LED         
| D76        LED         
| F1         10A         
| F2         2A          
| J1         USB_2       
| P1         CONN_1      
| P2         CONN_1      
| P3         CONN_1      
| P4         CONN_1      
| P5         CONN_1      
| P6         CONN_1      
| P7         CONN_1      
| P8         CONN_1      
| P9         CONN_1      
| P10        CONN_1      
| P11        CONN_1      
| P12        CONN_1      
| P13        CONN_1      
| P14        CONN_1      
| P15        CONN_1      
| P16        CONN_1      
| P17        CONN_1      
| P18        CONN_1      
| P19        CONN_1      
| P20        CONN_1      
| P21        CONN_1      
| P22        CONN_1      
| P23        CONN_20X2   
| P24        CONN_1      
| P25        CONN_1      
| P26        BDM         
| P27        COMMS       
| P28        CONN_2      
| P29        CONN_1      
| P30        CONN_1      
| P31        CONN_1      
| P32        CONN_1      
| P33        CONN_1      
| P34        CONN_1      
| P35        CONN_1      
| P36        CONN_1      
| P37        CONN_1      
| P38        CONN_1      
| P39        CONN_1      
| P40        CONN_1      
| P41        CONN_1      
| P42        CONN_1      
| P43        CONN_1      
| P44        CONN_1      
| P45        CONN_1      
| P46        CONN_1      
| Q1         2N6044      
| Q2         2N6044      
| Q3         2N6044      
| Q4         2N6044      
| Q5         2N6044      
| Q6         2N6044      
| Q7         2N6044      
| Q8         2N6044      
| Q9         PNP         
| Q10        NPN         
| Q11        MOSFET_N    
| Q12        MOSFET_N    
| Q13        MOSFET_N    
| Q14        MOSFET_N    
| Q15        PIP-3104    
| Q16        PIP-3104    
| Q17        PIP-3104    
| R1         1.6k        
| R2         1.6k        
| R3         1.6k        
| R4         1.6k        
| R5         10k         
| R6         10k         
| R7         1.6k        
| R8         1.6k        
| R9         1.6k        
| R10        1.6k        
| R11        1.6k        
| R12        1.6k        
| R13        1.6k        
| R14        1.6k        
| R15        1.6k        
| R16        1.6k        
| R17        1.6k        
| R18        1.6k        
| R19        3.9K        
| R20        10M         
| R21        10k         
| R22        10k         
| R23        10k         
| R24        4.7K        
| R25        10k         
| R26        1.6k        
| R27        1.6k        
| R28        1.6k        
| R29        1.6k        
| R30        1.6k        
| R31        1K          
| R32        4.7k        
| R33        270R        
| R34        270R        
| R35        10k         
| R36        1R 1W       
| R37        1R 1W       
| R38        1k          
| R39        1k          
| R40        1k          
| R41        1k          
| R42        20k         
| R43        20k         
| R44        10k         
| R45        10k         
| R46        10k         
| R47        10k         
| R48        10k         
| R49        10k         
| R50        1k          
| R51        3.9k        
| R52        3K          
| R53        0.1 2W      
| R54        1k          
| R55        3.9k        
| R56        3K          
| R57        0.1 2W      
| R58        680k        
| R59        10k         
| R60        680k        
| R61        10k         
| R62        1k          
| R63        1k          
| R64        1k          
| R65        1k          
| R66        1k          
| R67        1k          
| R68        1k          
| R69        1k          
| R70        2.61k       
| R71        10k         
| R72        38.3k       
| R73        2.61k       
| R74        10k         
| R75        38.3k       
| R76        1k          
| R77        3.9k        
| R78        3K          
| R79        0.1 2W      
| R80        1k          
| R81        3.9k        
| R82        3K          
| R83        0.1 2W      
| R84        1k          
| R85        3.9k        
| R86        3K          
| R87        0.1 2W      
| R88        1k          
| R89        3.9k        
| R90        3K          
| R91        0.1 2W      
| R92        1k          
| R93        3.9k        
| R94        3K          
| R95        0.1 2W      
| R96        1k          
| R97        3.9k        
| R98        3K          
| R99        0.1 2W      
| R100       1R          
| R101       10k         
| R102       3k          
| R103       22k         
| R104       1k          
| R105       1k          
| R106       1k          
| R107       1k          
| R108       3k          
| R109       1k          
| R110       10k         
| R111       3k          
| R112       1k          
| R113       10k         
| R114       3k          
| R115       1k          
| R116       10k         
| R117       3k          
| R118       1k          
| R119       10k         
| R120       680k        
| R121       68k         
| R122       1k          
| R123       1k          
| R124       1k          
| R125       1k          
| R126       1k          
| R127       1k          
| R128       1k          
| R129       1k          
| R130       1k          
| R131       1k          
| R132       1k          
| R133       1k          
| R134       1k          
| R135       1k          
| R136       1k          
| R137       1k          
| R138       1k          
| R139       1k          
| R140       1k          
| R141       1k          
| R142       3k          
| R143       1k          
| R144       2.2k        
| R145       100k        
| R146       3k          
| R147       1k          
| R148       2.2k        
| R149       100k        
| R150       3k          
| R151       1k          
| R152       2.2k        
| R153       100k        
| R154       39k         
| R155       10k         
| R156       2.61k       
| R157       10k         
| R158       38.3k       
| R159       2.61k       
| R160       10k         
| R161       38.3k       
| U1         74LS86      
| U2         MC9S12XDP512
| U3         FT232RL     
| U4         2916        
| U5         MAX9924     
| U6         MAX9924     
| U7         LM1949      
| U8         LM1949      
| U9         AD597       
| U10        LM1949      
| U11        LM1949      
| U12        LM1949      
| U13        LM1949      
| U14        LM1949      
| U15        LM1949      
| U16        MIC2954     
| U17        LM2937      
| U18        MPX4100A    
| U19        MPX4250A    
| X1         16MHZ       
#End Cmp

#Cmp ( order = Value )
| .01uF        C22       
| .01uF        C24       
| .01uF        C39       
| .01uF        C41       
| .01uF        C43       
| .01uF        C45       
| .01uF        C47       
| .01uF        C49       
| .01uF        C60       
| .1uF         C2        
| .1uF         C3        
| .1uF         C4        
| .1uF         C6        
| .1uF         C10       
| .1uF         C25       
| .1uF         C51       
| .1uF         C53       
| .1uF         C55       
| .1uF         C58       
| .1uF         C59       
| .1uF         C62       
| 0.1 2W       R53       
| 0.1 2W       R57       
| 0.1 2W       R79       
| 0.1 2W       R83       
| 0.1 2W       R87       
| 0.1 2W       R91       
| 0.1 2W       R95       
| 0.1 2W       R99       
| 0.1uF        C1        
| 0.1uF        C12       
| 0.1uF        C14       
| 0.1uF        C15       
| 0.1uF        C16       
| 0.1uF        C17       
| 0.1uF        C19       
| 1.5nF        C32       
| 1.5nF        C33       
| 1.5nF        C35       
| 1.5nF        C36       
| 1.5nF        C64       
| 1.5nF        C76       
| 1.5nF        C77       
| 1.5nF        C79       
| 1.5nF        C80       
| 1.6k         R1        
| 1.6k         R2        
| 1.6k         R3        
| 1.6k         R4        
| 1.6k         R7        
| 1.6k         R8        
| 1.6k         R9        
| 1.6k         R10       
| 1.6k         R11       
| 1.6k         R12       
| 1.6k         R13       
| 1.6k         R14       
| 1.6k         R15       
| 1.6k         R16       
| 1.6k         R17       
| 1.6k         R18       
| 1.6k         R26       
| 1.6k         R27       
| 1.6k         R28       
| 1.6k         R29       
| 1.6k         R30       
| 100k         R145      
| 100k         R149      
| 100k         R153      
| 100nF        C11       
| 100nf        C28       
| 100nf        C29       
| 100nf        C30       
| 100nf        C31       
| 100nf        C65       
| 100nf        C66       
| 100nf        C67       
| 100nf        C68       
| 100nf        C69       
| 100nf        C70       
| 100nf        C71       
| 100nf        C72       
| 10A          F1        
| 10k          R5        
| 10k          R6        
| 10k          R21       
| 10k          R22       
| 10k          R23       
| 10k          R25       
| 10k          R35       
| 10k          R44       
| 10k          R45       
| 10k          R46       
| 10k          R47       
| 10k          R48       
| 10k          R49       
| 10k          R59       
| 10k          R61       
| 10k          R71       
| 10k          R74       
| 10k          R101      
| 10k          R110      
| 10k          R113      
| 10k          R116      
| 10k          R119      
| 10k          R155      
| 10k          R157      
| 10k          R160      
| 10M          R20       
| 10pF         C73       
| 10pF         C74       
| 10pF         C75       
| 10uF         C50       
| 10uF         C54       
| 16MHZ        X1        
| 1K           R31       
| 1k           R38       
| 1k           R39       
| 1k           R40       
| 1k           R41       
| 1k           R50       
| 1k           R54       
| 1k           R62       
| 1k           R63       
| 1k           R64       
| 1k           R65       
| 1k           R66       
| 1k           R67       
| 1k           R68       
| 1k           R69       
| 1k           R76       
| 1k           R80       
| 1k           R84       
| 1k           R88       
| 1k           R92       
| 1k           R96       
| 1k           R104      
| 1k           R105      
| 1k           R106      
| 1k           R107      
| 1k           R109      
| 1k           R112      
| 1k           R115      
| 1k           R118      
| 1k           R122      
| 1k           R123      
| 1k           R124      
| 1k           R125      
| 1k           R126      
| 1k           R127      
| 1k           R128      
| 1k           R129      
| 1k           R130      
| 1k           R131      
| 1k           R132      
| 1k           R133      
| 1k           R134      
| 1k           R135      
| 1k           R136      
| 1k           R137      
| 1k           R138      
| 1k           R139      
| 1k           R140      
| 1k           R141      
| 1k           R143      
| 1k           R147      
| 1k           R151      
| 1N4007       D40       
| 1N4007       D41       
| 1N4007       D42       
| 1N4148       D19       
| 1N4148       D21       
| 1N4148       D23       
| 1N4148       D25       
| 1N4148       D39       
| 1N4148       D58       
| 1N4148       D60       
| 1N4148       D62       
| 1N4148       D64       
| 1N4148       D66       
| 1N4148       D68       
| 1N4148       D70       
| 1N4148       D72       
| 1nF          C18       
| 1nF          C20       
| 1R           R100      
| 1R 1W        R36       
| 1R 1W        R37       
| 1uF          C21       
| 1uF          C23       
| 1uF          C38       
| 1uF          C40       
| 1uF          C42       
| 1uF          C44       
| 1uF          C46       
| 1uF          C48       
| 2.2k         R144      
| 2.2k         R148      
| 2.2k         R152      
| 2.61k        R70       
| 2.61k        R73       
| 2.61k        R156      
| 2.61k        R159      
| 20k          R42       
| 20k          R43       
| 2200uF       C57       
| 22k          R103      
| 22nF         C26       
| 22nF         C27       
| 22pF         C5        
| 22pF         C9        
| 22uF         C52       
| 22uF         C56       
| 270R         R33       
| 270R         R34       
| 2916         U4        
| 2A           F2        
| 2N6044       Q1        
| 2N6044       Q2        
| 2N6044       Q3        
| 2N6044       Q4        
| 2N6044       Q5        
| 2N6044       Q6        
| 2N6044       Q7        
| 2N6044       Q8        
| 3.3nF        C7        
| 3.9K         R19       
| 3.9k         R51       
| 3.9k         R55       
| 3.9k         R77       
| 3.9k         R81       
| 3.9k         R85       
| 3.9k         R89       
| 3.9k         R93       
| 3.9k         R97       
| 330pF        C8        
| 33nF         C13       
| 33nF         C34       
| 33nF         C37       
| 33nF         C63       
| 33nF         C78       
| 33nF         C81       
| 33v 5w       D16       
| 33v 5w       D18       
| 33v 5w       D28       
| 33v 5w       D30       
| 33v 5w       D32       
| 33v 5w       D34       
| 33v 5w       D36       
| 33v 5w       D38       
| 38.3k        R72       
| 38.3k        R75       
| 38.3k        R158      
| 38.3k        R161      
| 39k          R154      
| 3K           R52       
| 3K           R56       
| 3K           R78       
| 3K           R82       
| 3K           R86       
| 3K           R90       
| 3K           R94       
| 3K           R98       
| 3k           R102      
| 3k           R108      
| 3k           R111      
| 3k           R114      
| 3k           R117      
| 3k           R142      
| 3k           R146      
| 3k           R150      
| 4.7K         R24       
| 4.7k         R32       
| 470pF        C61       
| 5.1v         D1        
| 5.1v         D2        
| 5.1v         D3        
| 5.1v         D4        
| 5.1v         D5        
| 5.1v         D6        
| 5.1v         D7        
| 5.1v         D8        
| 5.1v         D9        
| 5.1v         D10       
| 5.1v         D11       
| 5.1v         D12       
| 5V1          D44       
| 5V1          D45       
| 5V1          D46       
| 5V1          D47       
| 5V1          D56       
| 5V1          D57       
| 680k         R58       
| 680k         R60       
| 680k         R120      
| 68k          R121      
| 74LS86       U1        
| AD597        U9        
| BDM          P26       
| COMMS        P27       
| CONN_1       P1        
| CONN_1       P2        
| CONN_1       P3        
| CONN_1       P4        
| CONN_1       P5        
| CONN_1       P6        
| CONN_1       P7        
| CONN_1       P8        
| CONN_1       P9        
| CONN_1       P10       
| CONN_1       P11       
| CONN_1       P12       
| CONN_1       P13       
| CONN_1       P14       
| CONN_1       P15       
| CONN_1       P16       
| CONN_1       P17       
| CONN_1       P18       
| CONN_1       P19       
| CONN_1       P20       
| CONN_1       P21       
| CONN_1       P22       
| CONN_1       P24       
| CONN_1       P25       
| CONN_1       P29       
| CONN_1       P30       
| CONN_1       P31       
| CONN_1       P32       
| CONN_1       P33       
| CONN_1       P34       
| CONN_1       P35       
| CONN_1       P36       
| CONN_1       P37       
| CONN_1       P38       
| CONN_1       P39       
| CONN_1       P40       
| CONN_1       P41       
| CONN_1       P42       
| CONN_1       P43       
| CONN_1       P44       
| CONN_1       P45       
| CONN_1       P46       
| CONN_2       P28       
| CONN_20X2    P23       
| DIODE        D49       
| DIODE        D51       
| DIODE        D53       
| DIODE        D55       
| FT232RL      U3        
| LED          D13       
| LED          D14       
| LED          D15       
| LED          D17       
| LED          D27       
| LED          D29       
| LED          D31       
| LED          D33       
| LED          D35       
| LED          D37       
| LED          D43       
| LED          D48       
| LED          D50       
| LED          D52       
| LED          D54       
| LED          D74       
| LED          D75       
| LED          D76       
| LM1949       U7        
| LM1949       U8        
| LM1949       U10       
| LM1949       U11       
| LM1949       U12       
| LM1949       U13       
| LM1949       U14       
| LM1949       U15       
| LM2937       U17       
| MAX9924      U5        
| MAX9924      U6        
| MC9S12XDP512 U2        
| MIC2954      U16       
| MOSFET_N     Q11       
| MOSFET_N     Q12       
| MOSFET_N     Q13       
| MOSFET_N     Q14       
| MPX4100A     U18       
| MPX4250A     U19       
| NPN          Q10       
| PIP-3104     Q15       
| PIP-3104     Q16       
| PIP-3104     Q17       
| PNP          Q9        
| SCHOTTKY     D20       
| SCHOTTKY     D22       
| SCHOTTKY     D24       
| SCHOTTKY     D26       
| SCHOTTKY     D59       
| SCHOTTKY     D61       
| SCHOTTKY     D63       
| SCHOTTKY     D65       
| SCHOTTKY     D67       
| SCHOTTKY     D69       
| SCHOTTKY     D71       
| SCHOTTKY     D73       
| USB_2        J1        
#End Cmp

#End List
